UI skill-art: passed (1/22)
UI integration: passed (2/22)
UI tool-strip: passed (3/22)
UI recipe-book: passed (4/22)
UI save-ui: passed (5/22)
UI resume: passed (6/22)
UI kitchen-care: passed (7/22)
UI work-a: passed (8/22)
UI work-b: passed (9/22)
UI work-c: passed (10/22)
UI work-d: passed (11/22)
UI work-e: passed (12/22)
UI work-f: passed (13/22)
UI work-g: passed (14/22)
UI work-h: passed (15/22)
UI work-i: passed (16/22)
UI work-j: passed (17/22)
UI work-k: passed (18/22)
UI work-l: passed (19/22)
UI book-navigation: passed (20/22)
UI takeover-ui: passed (21/22)
UI compatible-rollback: passed (22/22)
