{
  "source_url": "https://raw.githubusercontent.com/google/fonts/main/ofl/notosanssc/NotoSansSC%5Bwght%5D.ttf",
  "source_sha256": "a3041811a78c361b1de50f953c805e0244951c21c5bd412f7232ef0d899af0da",
  "fonttools_version": "4.62.1",
  "files": [
    "web/activities-ui.js",
    "web/app.js",
    "web/art-board.html",
    "web/asset-plan.html",
    "web/candidate-query.js",
    "web/catalog.js",
    "web/classic-app.js",
    "web/classic.html",
    "web/collection-ui.js",
    "web/compare.html",
    "web/content-pack.js",
    "web/cooking-query.js",
    "web/data.js",
    "web/discovery-calendar.js",
    "web/discovery-clues.js",
    "web/engine.js",
    "web/expansion-ui.js",
    "web/exploration.js",
    "web/farm-scene.js",
    "web/farm-theme.js",
    "web/farm.js",
    "web/holiday-calendar.js",
    "web/icon-review.html",
    "web/index.html",
    "web/ingredient-unlocks.js",
    "web/integration-data.js",
    "web/inventory.js",
    "web/journal-ui.js",
    "web/kitchen-stages.js",
    "web/knowledge.js",
    "web/legacy-activities.js",
    "web/native-platform.js",
    "web/portrait-frames.js",
    "web/progress-save.js",
    "web/progression.js",
    "web/recipe-book-ui.js",
    "web/recipe-book.js",
    "web/recipe-catalog-data.js",
    "web/recipes.js",
    "web/review.html",
    "web/save-store.js",
    "web/scene.js",
    "web/seasonal-pack.js",
    "web/settings-options.js",
    "web/settings-ui.js",
    "web/shop-ui.js",
    "web/shrine-ui.js",
    "web/shrine.js",
    "web/skill-data.js",
    "web/species-state.js",
    "web/stage-review.html",
    "web/story-orders.js",
    "web/theme.js",
    "web/title-scene.js",
    "web/tool-strip.js",
    "web/trade-data.js",
    "web/ui-review.html",
    "web/workshop-ui.js",
    "web/world-clock.js",
    "android/app/src/main/java/com/jibao/kitchen/HatchAlarmReceiver.java",
    "android/app/src/main/java/com/jibao/kitchen/HatchScheduler.java",
    "android/app/src/main/java/com/jibao/kitchen/MainActivity.java",
    "android/app/src/main/java/com/jibao/kitchen/RestoreAlarmsReceiver.java",
    "android/app/src/main/java/com/jibao/kitchen/SaveRepository.java",
    "android/app/src/main/java/com/jibao/kitchen/UpdateBackupProvider.java"
  ],
  "current_text_codepoints": 1956,
  "requested_codepoints": 1996,
  "covered_codepoints": 1996,
  "missing_codepoints": [],
  "variable_axes": [
    [
      "wght",
      100.0,
      100.0,
      900.0
    ]
  ],
  "original_name_records_preserved": true,
  "output": "web/fonts/chick-ui.woff2",
  "output_bytes": 626936
}
